// Jest Snapshot v1, https://goo.gl/fbAQLP

exports[`<Button /> should match snapshot 1`] = `
<button
  className="btn-pages"
  disabled={false}
  onClick={[MockFunction]}
>
  Load More
</button>
`;
