// Jest Snapshot v1, https://goo.gl/fbAQLP

exports[`<SearchInput /> should match snapshot 1`] = `
<input
  className="search-input"
  onChange={[MockFunction]}
  placeholder="Type your search..."
  type="search"
  value=""
/>
`;
